Parsing error at position 30 in XML or Text declaration.
