Parsing error at position 33 in XML or Text declaration.
