Parsing error at position 34 in XML or Text declaration.
