[
{"hlpi_name":"All households","year":"2008","hlpi":"allhh","tot_hhs":"1560859","own":"1087580","own_wm":"574406","own_prop":"69.7","own_wm_prop":"36.8","prop_hhs":"100","age":"35.9","size":"2.7","income":"46704","expenditure":"42394","eqv_income":"26869","eqv_exp":"25132"},
{"hlpi_name":"Beneficiary","year":"2008","hlpi":"benef","tot_hhs":"185965","own":"71256","own_wm":"39405","own_prop":"38.3","own_wm_prop":"21.2","prop_hhs":"11.9","age":"29.9","size":"2.6","income":"23404","expenditure":"25270","eqv_income":"14258","eqv_exp":"15824"},
{"hlpi_name":"Income quintile 1 (low)","year":"2008","hlpi":"disq1","tot_hhs":"312376","own":"191470","own_wm":"48424","own_prop":"61.3","own_wm_prop":"15.5","prop_hhs":"20","age":"40","size":"2.3","income":"16747","expenditure":"21145","eqv_income":"13402","eqv_exp":"14408"},
{"hlpi_name":"Income quintile 2","year":"2008","hlpi":"disq2","tot_hhs":"312333","own":"196203","own_wm":"84171","own_prop":"62.8","own_wm_prop":"26.9","prop_hhs":"20","age":"34.7","size":"2.8","income":"31308","expenditure":"29855","eqv_income":"18917","eqv_exp":"18266"},
{"hlpi_name":"Income quintile 3","year":"2008","hlpi":"disq3","tot_hhs":"312240","own":"217657","own_wm":"141318","own_prop":"69.7","own_wm_prop":"45.3","prop_hhs":"20","age":"31.5","size":"3","income":"49106","expenditure":"46561","eqv_income":"26870","eqv_exp":"24672"},
{"hlpi_name":"Income quintile 4","year":"2008","hlpi":"disq4","tot_hhs":"312336","own":"229014","own_wm":"147658","own_prop":"73.3","own_wm_prop":"47.3","prop_hhs":"20","age":"35.3","size":"2.6","income":"61674","expenditure":"52776","eqv_income":"36691","eqv_exp":"31958"},
{"hlpi_name":"Income quintile 5 (high)","year":"2008","hlpi":"disq5","tot_hhs":"311574","own":"253235","own_wm":"152835","own_prop":"81.3","own_wm_prop":"49.1","prop_hhs":"20","age":"39.3","size":"2.5","income":"96861","expenditure":"72822","eqv_income":"55637","eqv_exp":"42932"},
{"hlpi_name":"Expenditure quintile 1 (low)","year":"2008","hlpi":"expq1","tot_hhs":"312761","own":"194358","own_wm":"49448","own_prop":"62.1","own_wm_prop":"15.8","prop_hhs":"20","age":"38.7","size":"2.5","income":"23680","expenditure":"16413","eqv_income":"15190","eqv_exp":"11015"},
{"hlpi_name":"Expenditure quintile 2","year":"2008","hlpi":"expq2","tot_hhs":"311973","own":"206342","own_wm":"86390","own_prop":"66.1","own_wm_prop":"27.7","prop_hhs":"20","age":"36.1","size":"2.7","income":"34155","expenditure":"29085","eqv_income":"20357","eqv_exp":"18121"},
{"hlpi_name":"Expenditure quintile 3","year":"2008","hlpi":"expq3","tot_hhs":"311840","own":"194361","own_wm":"108065","own_prop":"62.3","own_wm_prop":"34.7","prop_hhs":"20","age":"33","size":"2.8","income":"49771","expenditure":"42662","eqv_income":"27203","eqv_exp":"25132"},
{"hlpi_name":"Expenditure quintile 4","year":"2008","hlpi":"expq4","tot_hhs":"312257","own":"231612","own_wm":"149007","own_prop":"74.2","own_wm_prop":"47.7","prop_hhs":"20","age":"35.1","size":"2.7","income":"60863","expenditure":"59015","eqv_income":"34547","eqv_exp":"34167"},
{"hlpi_name":"Expenditure quintile 5 (high)","year":"2008","hlpi":"expq5","tot_hhs":"312028","own":"260907","own_wm":"181496","own_prop":"83.6","own_wm_prop":"58.2","prop_hhs":"20","age":"36.7","size":"2.5","income":"77434","expenditure":"89053","eqv_income":"46269","eqv_exp":"51550"},
{"hlpi_name":"Māori","year":"2008","hlpi":"maori","tot_hhs":"253018","own":"119963","own_wm":"77076","own_prop":"47.4","own_wm_prop":"30.5","prop_hhs":"16.2","age":"28.9","size":"3.2","income":"42885","expenditure":"35312","eqv_income":"23096","eqv_exp":"19797"},
{"hlpi_name":"Superannuitant","year":"2008","hlpi":"super","tot_hhs":"300243","own":"263054","own_wm":"15406","own_prop":"87.6","own_wm_prop":"5.1","prop_hhs":"19.2","age":"70.3","size":"1.6","income":"22367","expenditure":"21538","eqv_income":"17203","eqv_exp":"17211"},
{"hlpi_name":"All households","year":"2011","hlpi":"allhh","tot_hhs":"1607228","own":"1048164","own_wm":"523698","own_prop":"65.2","own_wm_prop":"32.6","prop_hhs":"100","age":"36.3","size":"2.6","income":"53103","expenditure":"46098","eqv_income":"30833","eqv_exp":"27335"},
{"hlpi_name":"Beneficiary","year":"2011","hlpi":"benef","tot_hhs":"197237","own":"56665","own_wm":"27129","own_prop":"28.7","own_wm_prop":"13.8","prop_hhs":"12.3","age":"28","size":"2.7","income":"25902","expenditure":"27605","eqv_income":"16097","eqv_exp":"16685"},
{"hlpi_name":"Income quintile 1 (low)","year":"2011","hlpi":"disq1","tot_hhs":"321848","own":"166355","own_wm":"49952","own_prop":"51.7","own_wm_prop":"15.5","prop_hhs":"20","age":"36.3","size":"2.4","income":"19787","expenditure":"24224","eqv_income":"15414","eqv_exp":"16221"},
{"hlpi_name":"Income quintile 2","year":"2011","hlpi":"disq2","tot_hhs":"321751","own":"187275","own_wm":"77561","own_prop":"58.2","own_wm_prop":"24.1","prop_hhs":"20","age":"35","size":"2.9","income":"37370","expenditure":"34200","eqv_income":"21998","eqv_exp":"20586"},
{"hlpi_name":"Income quintile 3","year":"2011","hlpi":"disq3","tot_hhs":"321372","own":"204957","own_wm":"119746","own_prop":"63.8","own_wm_prop":"37.3","prop_hhs":"20","age":"33.4","size":"2.9","income":"54894","expenditure":"49431","eqv_income":"30833","eqv_exp":"28130"},
{"hlpi_name":"Income quintile 4","year":"2011","hlpi":"disq4","tot_hhs":"321507","own":"226916","own_wm":"133454","own_prop":"70.6","own_wm_prop":"41.5","prop_hhs":"20","age":"36.8","size":"2.6","income":"69183","expenditure":"55569","eqv_income":"42084","eqv_exp":"33019"},
{"hlpi_name":"Income quintile 5 (high)","year":"2011","hlpi":"disq5","tot_hhs":"320751","own":"262660","own_wm":"142986","own_prop":"81.9","own_wm_prop":"44.6","prop_hhs":"20","age":"40.9","size":"2.4","income":"106227","expenditure":"71815","eqv_income":"63106","eqv_exp":"44712"},
{"hlpi_name":"Expenditure quintile 1 (low)","year":"2011","hlpi":"expq1","tot_hhs":"321611","own":"173327","own_wm":"35941","own_prop":"53.9","own_wm_prop":"11.2","prop_hhs":"20","age":"37.3","size":"2.6","income":"27501","expenditure":"18877","eqv_income":"17612","eqv_exp":"13077"},
{"hlpi_name":"Expenditure quintile 2","year":"2011","hlpi":"expq2","tot_hhs":"321894","own":"179200","own_wm":"77025","own_prop":"55.7","own_wm_prop":"23.9","prop_hhs":"20","age":"35.1","size":"2.7","income":"38932","expenditure":"32790","eqv_income":"22895","eqv_exp":"20168"},
{"hlpi_name":"Expenditure quintile 3","year":"2011","hlpi":"expq3","tot_hhs":"321367","own":"211728","own_wm":"108496","own_prop":"65.9","own_wm_prop":"33.8","prop_hhs":"20","age":"35.3","size":"2.8","income":"56117","expenditure":"46651","eqv_income":"32053","eqv_exp":"27335"},
{"hlpi_name":"Expenditure quintile 4","year":"2011","hlpi":"expq4","tot_hhs":"320918","own":"224971","own_wm":"134525","own_prop":"70.1","own_wm_prop":"41.9","prop_hhs":"20","age":"35.3","size":"2.7","income":"64643","expenditure":"60862","eqv_income":"38625","eqv_exp":"36203"},
{"hlpi_name":"Expenditure quintile 5 (high)","year":"2011","hlpi":"expq5","tot_hhs":"321439","own":"258938","own_wm":"167710","own_prop":"80.6","own_wm_prop":"52.2","prop_hhs":"20","age":"39","size":"2.4","income":"86431","expenditure":"90268","eqv_income":"52895","eqv_exp":"52769"},
{"hlpi_name":"Māori","year":"2011","hlpi":"maori","tot_hhs":"279128","own":"115312","own_wm":"77879","own_prop":"41.3","own_wm_prop":"27.9","prop_hhs":"17.4","age":"28.3","size":"3.2","income":"51486","expenditure":"42801","eqv_income":"27219","eqv_exp":"22651"},
{"hlpi_name":"Superannuitant","year":"2011","hlpi":"super","tot_hhs":"321988","own":"270179","own_wm":"23433","own_prop":"83.9","own_wm_prop":"7.3","prop_hhs":"20","age":"69.7","size":"1.6","income":"28064","expenditure":"25436","eqv_income":"21335","eqv_exp":"20147"},
{"hlpi_name":"All households","year":"2014","hlpi":"allhh","tot_hhs":"1639405","own":"1090671","own_wm":"552580","own_prop":"66.5","own_wm_prop":"33.7","prop_hhs":"100","age":"37","size":"2.6","income":"57359","expenditure":"49330","eqv_income":"33426","eqv_exp":"29683"},
{"hlpi_name":"Beneficiary","year":"2014","hlpi":"benef","tot_hhs":"186134","own":"45834","own_wm":"27032","own_prop":"24.6","own_wm_prop":"14.5","prop_hhs":"11.4","age":"27.3","size":"2.5","income":"26569","expenditure":"27348","eqv_income":"17706","eqv_exp":"17893"},
{"hlpi_name":"Income quintile 1 (low)","year":"2014","hlpi":"disq1","tot_hhs":"328349","own":"171141","own_wm":"52691","own_prop":"52.1","own_wm_prop":"16","prop_hhs":"20","age":"37.4","size":"2.4","income":"22822","expenditure":"25809","eqv_income":"17168","eqv_exp":"17555"},
{"hlpi_name":"Income quintile 2","year":"2014","hlpi":"disq2","tot_hhs":"327432","own":"190496","own_wm":"84148","own_prop":"58.2","own_wm_prop":"25.7","prop_hhs":"20","age":"34.2","size":"2.9","income":"41107","expenditure":"38498","eqv_income":"24162","eqv_exp":"22743"},
{"hlpi_name":"Income quintile 3","year":"2014","hlpi":"disq3","tot_hhs":"327566","own":"219709","own_wm":"118724","own_prop":"67.1","own_wm_prop":"36.2","prop_hhs":"20","age":"34.8","size":"2.8","income":"58007","expenditure":"52941","eqv_income":"33426","eqv_exp":"30133"},
{"hlpi_name":"Income quintile 4","year":"2014","hlpi":"disq4","tot_hhs":"328158","own":"237912","own_wm":"145756","own_prop":"72.5","own_wm_prop":"44.4","prop_hhs":"20","age":"38.2","size":"2.6","income":"78889","expenditure":"65874","eqv_income":"47882","eqv_exp":"38147"},
{"hlpi_name":"Income quintile 5 (high)","year":"2014","hlpi":"disq5","tot_hhs":"327900","own":"271412","own_wm":"151260","own_prop":"82.8","own_wm_prop":"46.1","prop_hhs":"20","age":"41","size":"2.4","income":"122881","expenditure":"80806","eqv_income":"72233","eqv_exp":"49571"},
{"hlpi_name":"Expenditure quintile 1 (low)","year":"2014","hlpi":"expq1","tot_hhs":"327145","own":"179585","own_wm":"41640","own_prop":"54.9","own_wm_prop":"12.7","prop_hhs":"20","age":"38.5","size":"2.6","income":"30138","expenditure":"19997","eqv_income":"19171","eqv_exp":"13678"},
{"hlpi_name":"Expenditure quintile 2","year":"2014","hlpi":"expq2","tot_hhs":"328033","own":"191455","own_wm":"79697","own_prop":"58.4","own_wm_prop":"24.3","prop_hhs":"20","age":"35.7","size":"2.7","income":"42898","expenditure":"35822","eqv_income":"25743","eqv_exp":"21961"},
{"hlpi_name":"Expenditure quintile 3","year":"2014","hlpi":"expq3","tot_hhs":"328959","own":"218610","own_wm":"113005","own_prop":"66.5","own_wm_prop":"34.4","prop_hhs":"20.1","age":"36.4","size":"2.8","income":"60890","expenditure":"49330","eqv_income":"33139","eqv_exp":"29706"},
{"hlpi_name":"Expenditure quintile 4","year":"2014","hlpi":"expq4","tot_hhs":"327692","own":"229472","own_wm":"138029","own_prop":"70","own_wm_prop":"42.1","prop_hhs":"20","age":"36.5","size":"2.6","income":"80597","expenditure":"66519","eqv_income":"45599","eqv_exp":"39787"},
{"hlpi_name":"Expenditure quintile 5 (high)","year":"2014","hlpi":"expq5","tot_hhs":"327576","own":"271549","own_wm":"180208","own_prop":"82.9","own_wm_prop":"55","prop_hhs":"20","age":"37.9","size":"2.5","income":"97676","expenditure":"97823","eqv_income":"60056","eqv_exp":"56910"},
{"hlpi_name":"Māori","year":"2014","hlpi":"maori","tot_hhs":"287053","own":"127885","own_wm":"85034","own_prop":"44.6","own_wm_prop":"29.6","prop_hhs":"17.5","age":"30.2","size":"3.1","income":"56765","expenditure":"43582","eqv_income":"28428","eqv_exp":"24850"},
{"hlpi_name":"Superannuitant","year":"2014","hlpi":"super","tot_hhs":"357748","own":"315121","own_wm":"41565","own_prop":"88.1","own_wm_prop":"11.6","prop_hhs":"21.8","age":"68.8","size":"1.7","income":"33168","expenditure":"29328","eqv_income":"25404","eqv_exp":"23456"},
{"hlpi_name":"All households","year":"2017","hlpi":"allhh","tot_hhs":"1690069","own":"1125000","own_wm":"557880","own_prop":"66.6","own_wm_prop":"33","prop_hhs":"100","age":"37.4","size":"2.7","income":"64066","expenditure":"54293","eqv_income":"36146","eqv_exp":"31409"},
{"hlpi_name":"Beneficiary","year":"2017","hlpi":"benef","tot_hhs":"132215","own":"30080","own_wm":"14220","own_prop":"22.8","own_wm_prop":"10.8","prop_hhs":"7.8","age":"29.1","size":"2.8","income":"29947","expenditure":"30054","eqv_income":"16822","eqv_exp":"17655"},
{"hlpi_name":"Income quintile 1 (low)","year":"2017","hlpi":"disq1","tot_hhs":"337948","own":"182696","own_wm":"43443","own_prop":"54.1","own_wm_prop":"12.9","prop_hhs":"20","age":"40.3","size":"2.3","income":"22733","expenditure":"26775","eqv_income":"18859","eqv_exp":"17850"},
{"hlpi_name":"Income quintile 2","year":"2017","hlpi":"disq2","tot_hhs":"338573","own":"189146","own_wm":"79743","own_prop":"55.9","own_wm_prop":"23.6","prop_hhs":"20","age":"35.2","size":"3","income":"45704","expenditure":"43676","eqv_income":"25815","eqv_exp":"24077"},
{"hlpi_name":"Income quintile 3","year":"2017","hlpi":"disq3","tot_hhs":"337875","own":"216720","own_wm":"126551","own_prop":"64.1","own_wm_prop":"37.5","prop_hhs":"20","age":"34.7","size":"3.1","income":"66652","expenditure":"58065","eqv_income":"36146","eqv_exp":"30908"},
{"hlpi_name":"Income quintile 4","year":"2017","hlpi":"disq4","tot_hhs":"337646","own":"249553","own_wm":"147278","own_prop":"73.9","own_wm_prop":"43.6","prop_hhs":"20","age":"37.1","size":"2.7","income":"85856","expenditure":"68119","eqv_income":"50425","eqv_exp":"40219"},
{"hlpi_name":"Income quintile 5 (high)","year":"2017","hlpi":"disq5","tot_hhs":"338027","own":"286886","own_wm":"160865","own_prop":"84.9","own_wm_prop":"47.6","prop_hhs":"20","age":"41.1","size":"2.5","income":"133270","expenditure":"90983","eqv_income":"79607","eqv_exp":"54244"},
{"hlpi_name":"Expenditure quintile 1 (low)","year":"2017","hlpi":"expq1","tot_hhs":"338025","own":"181960","own_wm":"32809","own_prop":"53.8","own_wm_prop":"9.7","prop_hhs":"20","age":"40","size":"2.6","income":"33596","expenditure":"20167","eqv_income":"20674","eqv_exp":"14437"},
{"hlpi_name":"Expenditure quintile 2","year":"2017","hlpi":"expq2","tot_hhs":"337869","own":"194770","own_wm":"80172","own_prop":"57.6","own_wm_prop":"23.7","prop_hhs":"20","age":"36.1","size":"2.8","income":"50561","expenditure":"38052","eqv_income":"27694","eqv_exp":"22792"},
{"hlpi_name":"Expenditure quintile 3","year":"2017","hlpi":"expq3","tot_hhs":"338553","own":"217590","own_wm":"117386","own_prop":"64.3","own_wm_prop":"34.7","prop_hhs":"20","age":"35.7","size":"2.9","income":"65099","expenditure":"54936","eqv_income":"35959","eqv_exp":"31409"},
{"hlpi_name":"Expenditure quintile 4","year":"2017","hlpi":"expq4","tot_hhs":"338127","own":"249664","own_wm":"154618","own_prop":"73.8","own_wm_prop":"45.7","prop_hhs":"20","age":"37.1","size":"2.6","income":"81699","expenditure":"72718","eqv_income":"47432","eqv_exp":"42940"},
{"hlpi_name":"Expenditure quintile 5 (high)","year":"2017","hlpi":"expq5","tot_hhs":"337496","own":"281016","own_wm":"172895","own_prop":"83.3","own_wm_prop":"51.2","prop_hhs":"20","age":"38.3","size":"2.6","income":"109930","expenditure":"115746","eqv_income":"67081","eqv_exp":"67680"},
{"hlpi_name":"Māori","year":"2017","hlpi":"maori","tot_hhs":"295322","own":"146979","own_wm":"89146","own_prop":"49.8","own_wm_prop":"30.2","prop_hhs":"17.5","age":"32","size":"3.1","income":"62193","expenditure":"50982","eqv_income":"31571","eqv_exp":"26395"},
{"hlpi_name":"Superannuitant","year":"2017","hlpi":"super","tot_hhs":"390232","own":"329269","own_wm":"33310","own_prop":"84.4","own_wm_prop":"8.5","prop_hhs":"23.1","age":"69.9","size":"1.6","income":"33911","expenditure":"30486","eqv_income":"24803","eqv_exp":"23968"},
{"hlpi_name":"All households","year":"2020","hlpi":"allhh","tot_hhs":"1756740","own":"1118600","own_wm":"574662","own_prop":"63.7","own_wm_prop":"32.7","prop_hhs":"100","age":"37.8","size":"2.7","income":"65457","expenditure":"57969","eqv_income":"37147","eqv_exp":"33460"},
{"hlpi_name":"Beneficiary","year":"2020","hlpi":"benef","tot_hhs":"209559","own":"55723","own_wm":"28429","own_prop":"26.6","own_wm_prop":"13.6","prop_hhs":"11.9","age":"31.7","size":"2.5","income":"31232","expenditure":"29416","eqv_income":"20697","eqv_exp":"19007"},
{"hlpi_name":"Income quintile 1 (low)","year":"2020","hlpi":"disq1","tot_hhs":"353215","own":"202923","own_wm":"54851","own_prop":"57.5","own_wm_prop":"15.5","prop_hhs":"20.1","age":"41.1","size":"2.3","income":"20816","expenditure":"30562","eqv_income":"17041","eqv_exp":"20927"},
{"hlpi_name":"Income quintile 2","year":"2020","hlpi":"disq2","tot_hhs":"349670","own":"193484","own_wm":"73432","own_prop":"55.3","own_wm_prop":"21","prop_hhs":"19.9","age":"38.4","size":"2.7","income":"41199","expenditure":"41509","eqv_income":"25750","eqv_exp":"24552"},
{"hlpi_name":"Income quintile 3","year":"2020","hlpi":"disq3","tot_hhs":"351497","own":"210229","own_wm":"121764","own_prop":"59.8","own_wm_prop":"34.6","prop_hhs":"20","age":"33.8","size":"3","income":"66897","expenditure":"57775","eqv_income":"37147","eqv_exp":"32476"},
{"hlpi_name":"Income quintile 4","year":"2020","hlpi":"disq4","tot_hhs":"351517","own":"229772","own_wm":"154104","own_prop":"65.4","own_wm_prop":"43.8","prop_hhs":"20","age":"36.9","size":"2.8","income":"92531","expenditure":"71932","eqv_income":"52359","eqv_exp":"41522"},
{"hlpi_name":"Income quintile 5 (high)","year":"2020","hlpi":"disq5","tot_hhs":"350840","own":"282193","own_wm":"170510","own_prop":"80.4","own_wm_prop":"48.6","prop_hhs":"20","age":"39.8","size":"2.7","income":"146672","expenditure":"98187","eqv_income":"78217","eqv_exp":"55989"},
{"hlpi_name":"Expenditure quintile 1 (low)","year":"2020","hlpi":"expq1","tot_hhs":"352137","own":"182056","own_wm":"45300","own_prop":"51.7","own_wm_prop":"12.9","prop_hhs":"20","age":"40.6","size":"2.5","income":"33200","expenditure":"20063","eqv_income":"21993","eqv_exp":"14308"},
{"hlpi_name":"Expenditure quintile 2","year":"2020","hlpi":"expq2","tot_hhs":"350530","own":"198616","own_wm":"80783","own_prop":"56.7","own_wm_prop":"23","prop_hhs":"20","age":"37.4","size":"2.8","income":"51756","expenditure":"40102","eqv_income":"28481","eqv_exp":"24061"},
{"hlpi_name":"Expenditure quintile 3","year":"2020","hlpi":"expq3","tot_hhs":"352564","own":"213893","own_wm":"119637","own_prop":"60.7","own_wm_prop":"33.9","prop_hhs":"20.1","age":"36.9","size":"2.8","income":"69779","expenditure":"57351","eqv_income":"38889","eqv_exp":"33468"},
{"hlpi_name":"Expenditure quintile 4","year":"2020","hlpi":"expq4","tot_hhs":"350182","own":"235256","own_wm":"141104","own_prop":"67.2","own_wm_prop":"40.3","prop_hhs":"19.9","age":"35","size":"3","income":"88944","expenditure":"83038","eqv_income":"48929","eqv_exp":"45978"},
{"hlpi_name":"Expenditure quintile 5 (high)","year":"2020","hlpi":"expq5","tot_hhs":"351328","own":"288779","own_wm":"187838","own_prop":"82.2","own_wm_prop":"53.5","prop_hhs":"20","age":"39.6","size":"2.6","income":"104277","expenditure":"123424","eqv_income":"62718","eqv_exp":"71985"},
{"hlpi_name":"Māori","year":"2020","hlpi":"maori","tot_hhs":"329588","own":"156459","own_wm":"107753","own_prop":"47.5","own_wm_prop":"32.7","prop_hhs":"18.8","age":"31.1","size":"3.2","income":"69581","expenditure":"54141","eqv_income":"35075","eqv_exp":"29684"},
{"hlpi_name":"Superannuitant","year":"2020","hlpi":"super","tot_hhs":"388013","own":"314154","own_wm":"38270","own_prop":"81","own_wm_prop":"9.9","prop_hhs":"22.1","age":"69.8","size":"1.7","income":"34712","expenditure":"34643","eqv_income":"25077","eqv_exp":"27037"}
]
