[Xx][Mm][Ll] illegal as PI name at line 2, column 3
