Parsing error at position 6 in XML or Text declaration.
