Parsing error at position 37 in XML or Text declaration.
