Parsing error at position 16 in XML or Text declaration.
