Parsing error at position 13 in XML or Text declaration.
