Parsing error at position 14 in XML or Text declaration.
