Parsing error at position 31 in XML or Text declaration.
