Illegal XML 1.0 character reference at line 1, column 9
