Error in comment, CDATA or processing instruction syntax at line 2, column 1
