Error in comment, CDATA or processing instruction syntax at line 4, column 1
