Error in comment, CDATA or processing instruction syntax at line 5, column 1
