Illegal content after root element at position = 14
