Illegal content before root element at position = 22
