Illegal content before root element at position = 20
