Parsing error at position 19 in XML or Text declaration.
