Parsing error at position 20 in XML or Text declaration.
