Illegal content before root element at position = 13
