[Xx][Mm][Ll] illegal as PI name at line 3, column 3
