[Xx][Mm][Ll] illegal as PI name at line 1, column 3
